Archive member included to satisfy reference by file (symbol)

C:/ST/STM32CubeIDE_1.13.1/STM32CubeIDE/plugins/com.st.stm32cube.ide.mcu.externaltools.gnu-tools-for-stm32.12.3.rel1.win32_1.0.100.202403111256/tools/bin/../lib/gcc/arm-none-eabi/12.3.1/../../../../arm-none-eabi/lib/thumb/v7e-m+fp/hard\libc_nano.a(libc_a-exit.o)
                              C:/ST/STM32CubeIDE_1.13.1/STM32CubeIDE/plugins/com.st.stm32cube.ide.mcu.externaltools.gnu-tools-for-stm32.12.3.rel1.win32_1.0.100.202403111256/tools/bin/../lib/gcc/arm-none-eabi/12.3.1/../../../../arm-none-eabi/lib/thumb/v7e-m+fp/hard/crt0.o (exit)
C:/ST/STM32CubeIDE_1.13.1/STM32CubeIDE/plugins/com.st.stm32cube.ide.mcu.externaltools.gnu-tools-for-stm32.12.3.rel1.win32_1.0.100.202403111256/tools/bin/../lib/gcc/arm-none-eabi/12.3.1/../../../../arm-none-eabi/lib/thumb/v7e-m+fp/hard\libc_nano.a(libc_a-malloc.o)
                              ./Core/Src/httpServer.o (malloc)
C:/ST/STM32CubeIDE_1.13.1/STM32CubeIDE/plugins/com.st.stm32cube.ide.mcu.externaltools.gnu-tools-for-stm32.12.3.rel1.win32_1.0.100.202403111256/tools/bin/../lib/gcc/arm-none-eabi/12.3.1/../../../../arm-none-eabi/lib/thumb/v7e-m+fp/hard\libc_nano.a(libc_a-mallocr.o)
                              C:/ST/STM32CubeIDE_1.13.1/STM32CubeIDE/plugins/com.st.stm32cube.ide.mcu.externaltools.gnu-tools-for-stm32.12.3.rel1.win32_1.0.100.202403111256/tools/bin/../lib/gcc/arm-none-eabi/12.3.1/../../../../arm-none-eabi/lib/thumb/v7e-m+fp/hard\libc_nano.a(libc_a-malloc.o) (_malloc_r)
C:/ST/STM32CubeIDE_1.13.1/STM32CubeIDE/plugins/com.st.stm32cube.ide.mcu.externaltools.gnu-tools-for-stm32.12.3.rel1.win32_1.0.100.202403111256/tools/bin/../lib/gcc/arm-none-eabi/12.3.1/../../../../arm-none-eabi/lib/thumb/v7e-m+fp/hard\libc_nano.a(libc_a-mlock.o)
                              C:/ST/STM32CubeIDE_1.13.1/STM32CubeIDE/plugins/com.st.stm32cube.ide.mcu.externaltools.gnu-tools-for-stm32.12.3.rel1.win32_1.0.100.202403111256/tools/bin/../lib/gcc/arm-none-eabi/12.3.1/../../../../arm-none-eabi/lib/thumb/v7e-m+fp/hard\libc_nano.a(libc_a-mallocr.o) (__malloc_lock)
C:/ST/STM32CubeIDE_1.13.1/STM32CubeIDE/plugins/com.st.stm32cube.ide.mcu.externaltools.gnu-tools-for-stm32.12.3.rel1.win32_1.0.100.202403111256/tools/bin/../lib/gcc/arm-none-eabi/12.3.1/../../../../arm-none-eabi/lib/thumb/v7e-m+fp/hard\libc_nano.a(libc_a-findfp.o)
                              C:/ST/STM32CubeIDE_1.13.1/STM32CubeIDE/plugins/com.st.stm32cube.ide.mcu.externaltools.gnu-tools-for-stm32.12.3.rel1.win32_1.0.100.202403111256/tools/bin/../lib/gcc/arm-none-eabi/12.3.1/../../../../arm-none-eabi/lib/thumb/v7e-m+fp/hard\libc_nano.a(libc_a-exit.o) (__stdio_exit_handler)
C:/ST/STM32CubeIDE_1.13.1/STM32CubeIDE/plugins/com.st.stm32cube.ide.mcu.externaltools.gnu-tools-for-stm32.12.3.rel1.win32_1.0.100.202403111256/tools/bin/../lib/gcc/arm-none-eabi/12.3.1/../../../../arm-none-eabi/lib/thumb/v7e-m+fp/hard\libc_nano.a(libc_a-fwalk.o)
                              C:/ST/STM32CubeIDE_1.13.1/STM32CubeIDE/plugins/com.st.stm32cube.ide.mcu.externaltools.gnu-tools-for-stm32.12.3.rel1.win32_1.0.100.202403111256/tools/bin/../lib/gcc/arm-none-eabi/12.3.1/../../../../arm-none-eabi/lib/thumb/v7e-m+fp/hard\libc_nano.a(libc_a-findfp.o) (_fwalk_sglue)
C:/ST/STM32CubeIDE_1.13.1/STM32CubeIDE/plugins/com.st.stm32cube.ide.mcu.externaltools.gnu-tools-for-stm32.12.3.rel1.win32_1.0.100.202403111256/tools/bin/../lib/gcc/arm-none-eabi/12.3.1/../../../../arm-none-eabi/lib/thumb/v7e-m+fp/hard\libc_nano.a(libc_a-printf.o)
                              ./Core/Src/httpServer.o (printf)
C:/ST/STM32CubeIDE_1.13.1/STM32CubeIDE/plugins/com.st.stm32cube.ide.mcu.externaltools.gnu-tools-for-stm32.12.3.rel1.win32_1.0.100.202403111256/tools/bin/../lib/gcc/arm-none-eabi/12.3.1/../../../../arm-none-eabi/lib/thumb/v7e-m+fp/hard\libc_nano.a(libc_a-puts.o)
                              ./Core/Src/httpServer.o (puts)
C:/ST/STM32CubeIDE_1.13.1/STM32CubeIDE/plugins/com.st.stm32cube.ide.mcu.externaltools.gnu-tools-for-stm32.12.3.rel1.win32_1.0.100.202403111256/tools/bin/../lib/gcc/arm-none-eabi/12.3.1/../../../../arm-none-eabi/lib/thumb/v7e-m+fp/hard\libc_nano.a(libc_a-sprintf.o)
                              ./Core/Src/httpParser.o (sprintf)
C:/ST/STM32CubeIDE_1.13.1/STM32CubeIDE/plugins/com.st.stm32cube.ide.mcu.externaltools.gnu-tools-for-stm32.12.3.rel1.win32_1.0.100.202403111256/tools/bin/../lib/gcc/arm-none-eabi/12.3.1/../../../../arm-none-eabi/lib/thumb/v7e-m+fp/hard\libc_nano.a(libc_a-stdio.o)
                              C:/ST/STM32CubeIDE_1.13.1/STM32CubeIDE/plugins/com.st.stm32cube.ide.mcu.externaltools.gnu-tools-for-stm32.12.3.rel1.win32_1.0.100.202403111256/tools/bin/../lib/gcc/arm-none-eabi/12.3.1/../../../../arm-none-eabi/lib/thumb/v7e-m+fp/hard\libc_nano.a(libc_a-findfp.o) (__sread)
[...]
Memory Configuration

Name             Origin             Length             Attributes
RAM              0x20000000         0x00020000         xrw
FLASH            0x08000000         0x00040000         xr
APP_MEMORY       0x08040000         0x00040000         xr
*default*        0x00000000         0xffffffff

Linker script and memory map

LOAD C:/ST/STM32CubeIDE_1.13.1/STM32CubeIDE/plugins/com.st.stm32cube.ide.mcu.externaltools.gnu-tools-for-stm32.12.3.rel1.win32_1.0.100.202403111256/tools/bin/../lib/gcc/arm-none-eabi/12.3.1/thumb/v7e-m+fp/hard/crti.o
LOAD C:/ST/STM32CubeIDE_1.13.1/STM32CubeIDE/plugins/com.st.stm32cube.ide.mcu.externaltools.gnu-tools-for-stm32.12.3.rel1.win32_1.0.100.202403111256/tools/bin/../lib/gcc/arm-none-eabi/12.3.1/thumb/v7e-m+fp/hard/crtbegin.o
LOAD C:/ST/STM32CubeIDE_1.13.1/STM32CubeIDE/plugins/com.st.stm32cube.ide.mcu.externaltools.gnu-tools-for-stm32.12.3.rel1.win32_1.0.100.202403111256/tools/bin/../lib/gcc/arm-none-eabi/12.3.1/../../../../arm-none-eabi/lib/thumb/v7e-m+fp/hard/crt0.o
LOAD ./Core/Src/W5500/w5500.o
LOAD ./Core/Src/httpParser.o
LOAD ./Core/Src/httpServer.o
LOAD ./Core/Src/httpUtil.o
LOAD ./Core/Src/main.o
LOAD ./Core/Src/socket.o
LOAD ./Core/Src/stm32g4xx_hal_msp.o
LOAD ./Core/Src/stm32g4xx_it.o
LOAD ./Core/Src/syscalls.o
LOAD ./Core/Src/sysmem.o
LOAD ./Core/Src/system_stm32g4xx.o
LOAD ./Core/Src/wizchip_conf.o
LOAD ./Core/Startup/startup_stm32g474retx.o
LOAD ./Drivers/STM32G4xx_HAL_Driver/Src/stm32g4xx_hal.o
LOAD ./Drivers/STM32G4xx_HAL_Driver/Src/stm32g4xx_hal_cortex.o
LOAD ./Drivers/STM32G4xx_HAL_Driver/Src/stm32g4xx_hal_dma.o
LOAD ./Drivers/STM32G4xx_HAL_Driver/Src/stm32g4xx_hal_dma_ex.o
LOAD ./Drivers/STM32G4xx_HAL_Driver/Src/stm32g4xx_hal_exti.o
LOAD ./Drivers/STM32G4xx_HAL_Driver/Src/stm32g4xx_hal_flash.o
LOAD ./Drivers/STM32G4xx_HAL_Driver/Src/stm32g4xx_hal_flash_ex.o
LOAD ./Drivers/STM32G4xx_HAL_Driver/Src/stm32g4xx_hal_flash_ramfunc.o
LOAD ./Drivers/STM32G4xx_HAL_Driver/Src/stm32g4xx_hal_gpio.o
LOAD ./Drivers/STM32G4xx_HAL_Driver/Src/stm32g4xx_hal_pwr.o
LOAD ./Drivers/STM32G4xx_HAL_Driver/Src/stm32g4xx_hal_pwr_ex.o
LOAD ./Drivers/STM32G4xx_HAL_Driver/Src/stm32g4xx_hal_rcc.o
LOAD ./Drivers/STM32G4xx_HAL_Driver/Src/stm32g4xx_hal_rcc_ex.o
LOAD ./Drivers/STM32G4xx_HAL_Driver/Src/stm32g4xx_hal_spi.o
LOAD ./Drivers/STM32G4xx_HAL_Driver/Src/stm32g4xx_hal_spi_ex.o
LOAD ./Drivers/STM32G4xx_HAL_Driver/Src/stm32g4xx_hal_tim.o
LOAD ./Drivers/STM32G4xx_HAL_Driver/Src/stm32g4xx_hal_tim_ex.o
START GROUP
LOAD C:/ST/STM32CubeIDE_1.13.1/STM32CubeIDE/plugins/com.st.stm32cube.ide.mcu.externaltools.gnu-tools-for-stm32.12.3.rel1.win32_1.0.100.202403111256/tools/bin/../lib/gcc/arm-none-eabi/12.3.1/../../../../arm-none-eabi/lib/thumb/v7e-m+fp/hard\libc_nano.a
LOAD C:/ST/STM32CubeIDE_1.13.1/STM32CubeIDE/plugins/com.st.stm32cube.ide.mcu.externaltools.gnu-tools-for-stm32.12.3.rel1.win32_1.0.100.202403111256/tools/bin/../lib/gcc/arm-none-eabi/12.3.1/../../../../arm-none-eabi/lib/thumb/v7e-m+fp/hard\libm.a
END GROUP
START GROUP
LOAD C:/ST/STM32CubeIDE_1.13.1/STM32CubeIDE/plugins/com.st.stm32cube.ide.mcu.externaltools.gnu-tools-for-stm32.12.3.rel1.win32_1.0.100.202403111256/tools/bin/../lib/gcc/arm-none-eabi/12.3.1/thumb/v7e-m+fp/hard\libgcc.a
LOAD C:/ST/STM32CubeIDE_1.13.1/STM32CubeIDE/plugins/com.st.stm32cube.ide.mcu.externaltools.gnu-tools-for-stm32.12.3.rel1.win32_1.0.100.202403111256/tools/bin/../lib/gcc/arm-none-eabi/12.3.1/../../../../arm-none-eabi/lib/thumb/v7e-m+fp/hard\libc_nano.a
END GROUP
START GROUP
LOAD C:/ST/STM32CubeIDE_1.13.1/STM32CubeIDE/plugins/com.st.stm32cube.ide.mcu.externaltools.gnu-tools-for-stm32.12.3.rel1.win32_1.0.100.202403111256/tools/bin/../lib/gcc/arm-none-eabi/12.3.1/thumb/v7e-m+fp/hard\libgcc.a
LOAD C:/ST/STM32CubeIDE_1.13.1/STM32CubeIDE/plugins/com.st.stm32cube.ide.mcu.externaltools.gnu-tools-for-stm32.12.3.rel1.win32_1.0.100.202403111256/tools/bin/../lib/gcc/arm-none-eabi/12.3.1/../../../../arm-none-eabi/lib/thumb/v7e-m+fp/hard\libc_nano.a
LOAD C:/ST/STM32CubeIDE_1.13.1/STM32CubeIDE/plugins/com.st.stm32cube.ide.mcu.externaltools.gnu-tools-for-stm32.12.3.rel1.win32_1.0.100.202403111256/tools/bin/../lib/gcc/arm-none-eabi/12.3.1/../../../../arm-none-eabi/lib/thumb/v7e-m+fp/hard\libnosys.a
END GROUP
START GROUP
LOAD C:/ST/STM32CubeIDE_1.13.1/STM32CubeIDE/plugins/com.st.stm32cube.ide.mcu.externaltools.gnu-tools-for-stm32.12.3.rel1.win32_1.0.100.202403111256/tools/bin/../lib/gcc/arm-none-eabi/12.3.1/thumb/v7e-m+fp/hard\libgcc.a
LOAD C:/ST/STM32CubeIDE_1.13.1/STM32CubeIDE/plugins/com.st.stm32cube.ide.mcu.externaltools.gnu-tools-for-stm32.12.3.rel1.win32_1.0.100.202403111256/tools/bin/../lib/gcc/arm-none-eabi/12.3.1/../../../../arm-none-eabi/lib/thumb/v7e-m+fp/hard\libc_nano.a
LOAD C:/ST/STM32CubeIDE_1.13.1/STM32CubeIDE/plugins/com.st.stm32cube.ide.mcu.externaltools.gnu-tools-for-stm32.12.3.rel1.win32_1.0.100.202403111256/tools/bin/../lib/gcc/arm-none-eabi/12.3.1/../../../../arm-none-eabi/lib/thumb/v7e-m+fp/hard\libnosys.a
END GROUP
LOAD C:/ST/STM32CubeIDE_1.13.1/STM32CubeIDE/plugins/com.st.stm32cube.ide.mcu.externaltools.gnu-tools-for-stm32.12.3.rel1.win32_1.0.100.202403111256/tools/bin/../lib/gcc/arm-none-eabi/12.3.1/thumb/v7e-m+fp/hard/crtend.o
LOAD C:/ST/STM32CubeIDE_1.13.1/STM32CubeIDE/plugins/com.st.stm32cube.ide.mcu.externaltools.gnu-tools-for-stm32.12.3.rel1.win32_1.0.100.202403111256/tools/bin/../lib/gcc/arm-none-eabi/12.3.1/thumb/v7e-m+fp/hard/crtn.o
                0x20020000                        _estack = (ORIGIN (RAM) + LENGTH (RAM))
                0x00000200                        _Min_Heap_Size = 0x200
                0x00000400                        _Min_Stack_Size = 0x400

.isr_vector     0x08000000      0x1d8
                0x08000000                        . = ALIGN (0x4)
 *(.isr_vector)
 .isr_vector    0x08000000      0x1d8 ./Core/Startup/startup_stm32g474retx.o
                0x08000000                g_pfnVectors
                0x080001d8                        . = ALIGN (0x4)

.text           0x080001d8     0x37c8
                0x080001d8                        . = ALIGN (0x4)
 *(.text)
 .text          0x080001d8       0x40 C:/ST/STM32CubeIDE_1.13.1/STM32CubeIDE/plugins/com.st.stm32cube.ide.mcu.externaltools.gnu-tools-for-stm32.12.3.rel1.win32_1.0.100.202403111256/tools/bin/../lib/gcc/arm-none-eabi/12.3.1/thumb/v7e-m+fp/hard/crtbegin.o
 *(.text*)
 .text.WIZCHIP_READ
                0x08000218       0x98 ./Core/Src/W5500/w5500.o
                0x08000218                WIZCHIP_READ
 .text.WIZCHIP_WRITE
                0x080002b0       0x9c ./Core/Src/W5500/w5500.o
                0x080002b0                WIZCHIP_WRITE
 .text.WIZCHIP_READ_BUF
                0x0800034c       0xc0 ./Core/Src/W5500/w5500.o
                0x0800034c                WIZCHIP_READ_BUF
 .text.WIZCHIP_WRITE_BUF
                0x0800040c       0xc0 ./Core/Src/W5500/w5500.o
                0x0800040c                WIZCHIP_WRITE_BUF
 .text.main     0x080004cc       0xa4 ./Core/Src/main.o
                0x080004cc                main
 .text.SystemClock_Config
                0x08000570       0x80 ./Core/Src/main.o
                0x08000570                SystemClock_Config
 .text.MX_SPI1_Init
                0x080005f0       0x7c ./Core/Src/main.o
 .text.MX_GPIO_Init
                0x0800066c       0xc0 ./Core/Src/main.o
 .text.cs_select
                0x0800072c       0x18 ./Core/Src/main.o
                0x0800072c                cs_select
 .text.cs_deselect
                0x08000744       0x18 ./Core/Src/main.o
                0x08000744                cs_deselect
 .text.cris_enter
                0x0800075c       0x1e ./Core/Src/main.o
                0x0800075c                cris_enter
 .text.cris_exit
                0x0800077a       0x1e ./Core/Src/main.o
                0x0800077a                cris_exit
 .text.spi_readbyte
                0x08000798       0x20 ./Core/Src/main.o
                0x08000798                spi_readbyte
 .text.spi_writebyte
                0x080007b8       0x24 ./Core/Src/main.o
                0x080007b8                spi_writebyte
 .text.spi_readburst
                0x080007dc       0x28 ./Core/Src/main.o
                0x080007dc                spi_readburst
 .text.spi_writeburst
                0x08000804       0x28 ./Core/Src/main.o
                0x08000804                spi_writeburst
 .text.Error_Handler
                0x0800082c        0xc ./Core/Src/main.o
                0x0800082c                Error_Handler
 .text.socket   0x08000838      0x254 ./Core/Src/socket.o
                0x08000838                socket
 .text.close    0x08000a8c       0xdc ./Core/Src/socket.o
                0x08000a8c                close
 .text.HAL_MspInit
                0x08000b68       0x48 ./Core/Src/stm32g4xx_hal_msp.o
                0x08000b68                HAL_MspInit
 .text.HAL_SPI_MspInit
                0x08000bb0       0x84 ./Core/Src/stm32g4xx_hal_msp.o
                0x08000bb0                HAL_SPI_MspInit
 .text.NMI_Handler
                0x08000c34        0x8 ./Core/Src/stm32g4xx_it.o
                0x08000c34                NMI_Handler
 .text.HardFault_Handler
                0x08000c3c        0x8 ./Core/Src/stm32g4xx_it.o
                0x08000c3c                HardFault_Handler
 .text.MemManage_Handler
                0x08000c44        0x8 ./Core/Src/stm32g4xx_it.o
                0x08000c44                MemManage_Handler
 .text.BusFault_Handler
                0x08000c4c        0x8 ./Core/Src/stm32g4xx_it.o
                0x08000c4c                BusFault_Handler
 .text.UsageFault_Handler
                0x08000c54        0x8 ./Core/Src/stm32g4xx_it.o
                0x08000c54                UsageFault_Handler
 .text.SVC_Handler
                0x08000c5c        0xe ./Core/Src/stm32g4xx_it.o
                0x08000c5c                SVC_Handler
 .text.DebugMon_Handler
                0x08000c6a        0xe ./Core/Src/stm32g4xx_it.o
                0x08000c6a                DebugMon_Handler
 .text.PendSV_Handler
                0x08000c78        0xe ./Core/Src/stm32g4xx_it.o
                0x08000c78                PendSV_Handler
 .text.SysTick_Handler
                0x08000c86        0xc ./Core/Src/stm32g4xx_it.o
                0x08000c86                SysTick_Handler
 *fill*         0x08000c92        0x2 
 .text.SystemInit
                0x08000c94       0x24 ./Core/Src/system_stm32g4xx.o
                0x08000c94                SystemInit
 .text.wizchip_cris_enter
                0x08000cb8        0xe ./Core/Src/wizchip_conf.o
                0x08000cb8                wizchip_cris_enter
 .text.wizchip_cris_exit
                0x08000cc6        0xe ./Core/Src/wizchip_conf.o
                0x08000cc6                wizchip_cris_exit
 .text.wizchip_cs_select
                0x08000cd4        0xe ./Core/Src/wizchip_conf.o
                0x08000cd4                wizchip_cs_select
 .text.wizchip_cs_deselect
                0x08000ce2        0xe ./Core/Src/wizchip_conf.o
                0x08000ce2                wizchip_cs_deselect
 .text.wizchip_bus_readdata
                0x08000cf0       0x1a ./Core/Src/wizchip_conf.o
                0x08000cf0                wizchip_bus_readdata
 .text.wizchip_bus_writedata
                0x08000d0a       0x1e ./Core/Src/wizchip_conf.o
                0x08000d0a                wizchip_bus_writedata
 .text.wizchip_spi_readbyte
                0x08000d28       0x10 ./Core/Src/wizchip_conf.o
                0x08000d28                wizchip_spi_readbyte
 .text.wizchip_spi_writebyte
                0x08000d38       0x16 ./Core/Src/wizchip_conf.o
                0x08000d38                wizchip_spi_writebyte
 *fill*         0x08000d4e        0x2 
 .text.wizchip_spi_readburst
                0x08000d50       0x40 ./Core/Src/wizchip_conf.o
                0x08000d50                wizchip_spi_readburst
 .text.wizchip_spi_writeburst
                0x08000d90       0x40 ./Core/Src/wizchip_conf.o
                0x08000d90                wizchip_spi_writeburst
 .text.reg_wizchip_cris_cbfunc
                0x08000dd0       0x4c ./Core/Src/wizchip_conf.o
                0x08000dd0                reg_wizchip_cris_cbfunc
 .text.reg_wizchip_cs_cbfunc
                0x08000e1c       0x4c ./Core/Src/wizchip_conf.o
                0x08000e1c                reg_wizchip_cs_cbfunc
 .text.reg_wizchip_spi_cbfunc
                0x08000e68       0x58 ./Core/Src/wizchip_conf.o
                0x08000e68                reg_wizchip_spi_cbfunc
 .text.reg_wizchip_spiburst_cbfunc
                0x08000ec0       0x58 ./Core/Src/wizchip_conf.o
                0x08000ec0                reg_wizchip_spiburst_cbfunc
 .text.ctlwizchip
                0x08000f18      0x1e0 ./Core/Src/wizchip_conf.o
                0x08000f18                ctlwizchip
 .text.ctlnetwork
                0x080010f8       0x7c ./Core/Src/wizchip_conf.o
                0x080010f8                ctlnetwork
 .text.wizchip_sw_reset
                0x08001174       0x98 ./Core/Src/wizchip_conf.o
                0x08001174                wizchip_sw_reset
 .text.wizchip_init
                0x0800120c      0x118 ./Core/Src/wizchip_conf.o
                0x0800120c                wizchip_init
 .text.wizchip_clrinterrupt
                0x08001324       0x68 ./Core/Src/wizchip_conf.o
                0x08001324                wizchip_clrinterrupt
 .text.wizchip_getinterrupt
                0x0800138c       0x48 ./Core/Src/wizchip_conf.o
                0x0800138c                wizchip_getinterrupt
 .text.wizchip_setinterruptmask
                0x080013d4       0x36 ./Core/Src/wizchip_conf.o
                0x080013d4                wizchip_setinterruptmask
 .text.wizchip_getinterruptmask
                0x0800140a       0x44 ./Core/Src/wizchip_conf.o
                0x0800140a                wizchip_getinterruptmask
 .text.wizphy_getphylink
                0x0800144e       0x2c ./Core/Src/wizchip_conf.o
                0x0800144e                wizphy_getphylink
 .text.wizphy_getphypmode
                0x0800147a       0x32 ./Core/Src/wizchip_conf.o
                0x0800147a                wizphy_getphypmode
 .text.wizphy_reset
                0x080014ac       0x4e ./Core/Src/wizchip_conf.o
                0x080014ac                wizphy_reset
 .text.wizphy_setphyconf
                0x080014fa       0x84 ./Core/Src/wizchip_conf.o
                0x080014fa                wizphy_setphyconf
 *fill*         0x0800157e        0x2 
 .text.wizphy_getphyconf
                0x08001580       0xd4 ./Core/Src/wizchip_conf.o
                0x08001580                wizphy_getphyconf
 .text.wizphy_getphystat
                0x08001654       0x3c ./Core/Src/wizchip_conf.o
                0x08001654                wizphy_getphystat
 .text.wizphy_setphypmode
                0x08001690       0x94 ./Core/Src/wizchip_conf.o
                0x08001690                wizphy_setphypmode
 .text.wizchip_setnetinfo
                0x08001724       0x80 ./Core/Src/wizchip_conf.o
                0x08001724                wizchip_setnetinfo
 .text.wizchip_getnetinfo
                0x080017a4       0x80 ./Core/Src/wizchip_conf.o
                0x080017a4                wizchip_getnetinfo
 .text.wizchip_setnetmode
                0x08001824       0x44 ./Core/Src/wizchip_conf.o
                0x08001824                wizchip_setnetmode
 .text.wizchip_getnetmode
                0x08001868       0x10 ./Core/Src/wizchip_conf.o
                0x08001868                wizchip_getnetmode
 .text.wizchip_settimeout
                0x08001878       0x42 ./Core/Src/wizchip_conf.o
                0x08001878                wizchip_settimeout
 .text.wizchip_gettimeout
                0x080018ba       0x40 ./Core/Src/wizchip_conf.o
                0x080018ba                wizchip_gettimeout
 *fill*         0x080018fa        0x2 
 .text.Reset_Handler
                0x080018fc       0x50 ./Core/Startup/startup_stm32g474retx.o
                0x080018fc                Reset_Handler
 .text.Default_Handler
                0x0800194c        0x2 ./Core/Startup/startup_stm32g474retx.o
                0x0800194c                RTC_Alarm_IRQHandler
                0x0800194c                EXTI2_IRQHandler
                0x0800194c                TIM8_TRG_COM_IRQHandler
                0x0800194c                TIM8_CC_IRQHandler
                0x0800194c                HRTIM1_Master_IRQHandler
                0x0800194c                SPI4_IRQHandler
                0x0800194c                FDCAN3_IT0_IRQHandler
                0x0800194c                TIM1_CC_IRQHandler
                0x0800194c                HRTIM1_FLT_IRQHandler
                0x0800194c                HRTIM1_TIMF_IRQHandler
                0x0800194c                USB_HP_IRQHandler
                0x0800194c                CORDIC_IRQHandler
                0x0800194c                HRTIM1_TIMD_IRQHandler
                0x0800194c                DMA2_Channel8_IRQHandler
                0x0800194c                EXTI3_IRQHandler
                0x0800194c                I2C3_ER_IRQHandler
                0x0800194c                EXTI0_IRQHandler
                0x0800194c                I2C2_EV_IRQHandler
                0x0800194c                FPU_IRQHandler
                0x0800194c                FDCAN1_IT1_IRQHandler
                0x0800194c                TIM1_UP_TIM16_IRQHandler
                0x0800194c                ADC1_2_IRQHandler
                0x0800194c                HRTIM1_TIME_IRQHandler
                0x0800194c                SPI1_IRQHandler
                0x0800194c                TIM6_DAC_IRQHandler
                0x0800194c                HRTIM1_TIMC_IRQHandler
                0x0800194c                TIM8_UP_IRQHandler
                0x0800194c                DMA2_Channel2_IRQHandler
                0x0800194c                DMA1_Channel4_IRQHandler
                0x0800194c                TIM20_TRG_COM_IRQHandler
                0x0800194c                USART3_IRQHandler
                0x0800194c                DMA1_Channel7_IRQHandler
                0x0800194c                UART5_IRQHandler
                0x0800194c                ADC3_IRQHandler
                0x0800194c                TIM4_IRQHandler
                0x0800194c                DMA2_Channel1_IRQHandler
                0x0800194c                QUADSPI_IRQHandler
                0x0800194c                I2C1_EV_IRQHandler
                0x0800194c                DMA1_Channel6_IRQHandler
                0x0800194c                UART4_IRQHandler
                0x0800194c                DMA2_Channel4_IRQHandler
                0x0800194c                TIM3_IRQHandler
                0x0800194c                RCC_IRQHandler
                0x0800194c                TIM20_UP_IRQHandler
                0x0800194c                DMA1_Channel1_IRQHandler
                0x0800194c                Default_Handler
                0x0800194c                DMA2_Channel7_IRQHandler
                0x0800194c                RTC_TAMP_LSECSS_IRQHandler
                0x0800194c                FMAC_IRQHandler
                0x0800194c                EXTI15_10_IRQHandler
                0x0800194c                DMA1_Channel8_IRQHandler
                0x0800194c                HRTIM1_TIMA_IRQHandler
                0x0800194c                TIM7_DAC_IRQHandler
                0x0800194c                FDCAN3_IT1_IRQHandler
                0x0800194c                TIM5_IRQHandler
                0x0800194c                UCPD1_IRQHandler
                0x0800194c                I2C3_EV_IRQHandler
                0x0800194c                EXTI9_5_IRQHandler
                0x0800194c                RTC_WKUP_IRQHandler
                0x0800194c                PVD_PVM_IRQHandler
                0x0800194c                SPI2_IRQHandler
                0x0800194c                ADC5_IRQHandler
                0x0800194c                DMA2_Channel5_IRQHandler
                0x0800194c                CRS_IRQHandler
                0x0800194c                DMA1_Channel5_IRQHandler
                0x0800194c                USB_LP_IRQHandler
                0x0800194c                EXTI4_IRQHandler
                0x0800194c                RNG_IRQHandler
                0x0800194c                HRTIM1_TIMB_IRQHandler
                0x0800194c                TIM1_TRG_COM_TIM17_IRQHandler
                0x0800194c                FDCAN2_IT1_IRQHandler
                0x0800194c                DMA1_Channel3_IRQHandler
                0x0800194c                ADC4_IRQHandler
                0x0800194c                WWDG_IRQHandler
                0x0800194c                I2C4_EV_IRQHandler
                0x0800194c                FDCAN2_IT0_IRQHandler
                0x0800194c                LPUART1_IRQHandler
                0x0800194c                DMA2_Channel6_IRQHandler
                0x0800194c                FDCAN1_IT0_IRQHandler
                0x0800194c                TIM2_IRQHandler
                0x0800194c                COMP7_IRQHandler
                0x0800194c                COMP1_2_3_IRQHandler
                0x0800194c                EXTI1_IRQHandler
                0x0800194c                USART2_IRQHandler
                0x0800194c                COMP4_5_6_IRQHandler
                0x0800194c                TIM20_BRK_IRQHandler
                0x0800194c                I2C2_ER_IRQHandler
                0x0800194c                DMA1_Channel2_IRQHandler
                0x0800194c                TIM8_BRK_IRQHandler
                0x0800194c                FLASH_IRQHandler
                0x0800194c                TIM20_CC_IRQHandler
                0x0800194c                USART1_IRQHandler
                0x0800194c                SPI3_IRQHandler
                0x0800194c                I2C1_ER_IRQHandler
                0x0800194c                FMC_IRQHandler
                0x0800194c                LPTIM1_IRQHandler
                0x0800194c                DMAMUX_OVR_IRQHandler
                0x0800194c                I2C4_ER_IRQHandler
                0x0800194c                USBWakeUp_IRQHandler
                0x0800194c                SAI1_IRQHandler
                0x0800194c                DMA2_Channel3_IRQHandler
                0x0800194c                TIM1_BRK_TIM15_IRQHandler
 .text.HAL_Init
                0x0800194e       0x30 ./Drivers/STM32G4xx_HAL_Driver/Src/stm32g4xx_hal.o
                0x0800194e                HAL_Init
 *fill*         0x0800197e        0x2 
 .text.HAL_InitTick
                0x08001980       0x74 ./Drivers/STM32G4xx_HAL_Driver/Src/stm32g4xx_hal.o
                0x08001980                HAL_InitTick
 .text.HAL_IncTick
                0x080019f4       0x24 ./Drivers/STM32G4xx_HAL_Driver/Src/stm32g4xx_hal.o
                0x080019f4                HAL_IncTick
 .text.HAL_GetTick
                0x08001a18       0x18 ./Drivers/STM32G4xx_HAL_Driver/Src/stm32g4xx_hal.o
                0x08001a18                HAL_GetTick
 .text.HAL_Delay
                0x08001a30       0x44 ./Drivers/STM32G4xx_HAL_Driver/Src/stm32g4xx_hal.o
                0x08001a30                HAL_Delay
 .text.__NVIC_SetPriorityGrouping
                0x08001a74       0x48 ./Drivers/STM32G4xx_HAL_Driver/Src/stm32g4xx_hal_cortex.o
 .text.__NVIC_GetPriorityGrouping
                0x08001abc       0x1c ./Drivers/STM32G4xx_HAL_Driver/Src/stm32g4xx_hal_cortex.o
 .text.__NVIC_SetPriority
                0x08001ad8       0x54 ./Drivers/STM32G4xx_HAL_Driver/Src/stm32g4xx_hal_cortex.o
 .text.NVIC_EncodePriority
                0x08001b2c       0x66 ./Drivers/STM32G4xx_HAL_Driver/Src/stm32g4xx_hal_cortex.o
 *fill*         0x08001b92        0x2 
 .text.SysTick_Config
                0x08001b94       0x44 ./Drivers/STM32G4xx_HAL_Driver/Src/stm32g4xx_hal_cortex.o
 .text.HAL_NVIC_SetPriorityGrouping
                0x08001bd8       0x16 ./Drivers/STM32G4xx_HAL_Driver/Src/stm32g4xx_hal_cortex.o
                0x08001bd8                HAL_NVIC_SetPriorityGrouping
 .text.HAL_NVIC_SetPriority
                0x08001bee       0x34 ./Drivers/STM32G4xx_HAL_Driver/Src/stm32g4xx_hal_cortex.o
                0x08001bee                HAL_NVIC_SetPriority
 .text.HAL_SYSTICK_Config
                0x08001c22       0x18 ./Drivers/STM32G4xx_HAL_Driver/Src/stm32g4xx_hal_cortex.o
                0x08001c22                HAL_SYSTICK_Config
 *fill*         0x08001c3a        0x2 
 .text.HAL_GPIO_Init
                0x08001c3c      0x304 ./Drivers/STM32G4xx_HAL_Driver/Src/stm32g4xx_hal_gpio.o
                0x08001c3c                HAL_GPIO_Init
 .text.HAL_GPIO_WritePin
                0x08001f40       0x30 ./Drivers/STM32G4xx_HAL_Driver/Src/stm32g4xx_hal_gpio.o
                0x08001f40                HAL_GPIO_WritePin
 .text.HAL_PWREx_ControlVoltageScaling
                0x08001f70      0x148 ./Drivers/STM32G4xx_HAL_Driver/Src/stm32g4xx_hal_pwr_ex.o
                0x08001f70                HAL_PWREx_ControlVoltageScaling
 .text.HAL_PWREx_DisableUCPDDeadBattery
                0x080020b8       0x20 ./Drivers/STM32G4xx_HAL_Driver/Src/stm32g4xx_hal_pwr_ex.o
                0x080020b8                HAL_PWREx_DisableUCPDDeadBattery
 .text.HAL_RCC_OscConfig
                0x080020d8      0x624 ./Drivers/STM32G4xx_HAL_Driver/Src/stm32g4xx_hal_rcc.o
                0x080020d8                HAL_RCC_OscConfig
 .text.HAL_RCC_ClockConfig
                0x080026fc      0x278 ./Drivers/STM32G4xx_HAL_Driver/Src/stm32g4xx_hal_rcc.o
                0x080026fc                HAL_RCC_ClockConfig
 .text.HAL_RCC_GetSysClockFreq
                0x08002974       0xc4 ./Drivers/STM32G4xx_HAL_Driver/Src/stm32g4xx_hal_rcc.o
                0x08002974                HAL_RCC_GetSysClockFreq
 .text.RCC_GetSysClockFreqFromPLLSource
                0x08002a38       0x8c ./Drivers/STM32G4xx_HAL_Driver/Src/stm32g4xx_hal_rcc.o
 .text.HAL_SPI_Init
                0x08002ac4      0x156 ./Drivers/STM32G4xx_HAL_Driver/Src/stm32g4xx_hal_spi.o
                0x08002ac4                HAL_SPI_Init
 .text.HAL_SPI_Transmit
                0x08002c1a      0x2ea ./Drivers/STM32G4xx_HAL_Driver/Src/stm32g4xx_hal_spi.o
                0x08002c1a                HAL_SPI_Transmit
 .text.HAL_SPI_Receive
                0x08002f04      0x26e ./Drivers/STM32G4xx_HAL_Driver/Src/stm32g4xx_hal_spi.o
                0x08002f04                HAL_SPI_Receive
 .text.HAL_SPI_TransmitReceive
                0x08003172      0x444 ./Drivers/STM32G4xx_HAL_Driver/Src/stm32g4xx_hal_spi.o
                0x08003172                HAL_SPI_TransmitReceive
 *fill*         0x080035b6        0x2 
 .text.SPI_WaitFlagStateUntilTimeout
                0x080035b8      0x110 ./Drivers/STM32G4xx_HAL_Driver/Src/stm32g4xx_hal_spi.o
 .text.SPI_WaitFifoStateUntilTimeout
                0x080036c8      0x12c ./Drivers/STM32G4xx_HAL_Driver/Src/stm32g4xx_hal_spi.o
 .text.SPI_EndRxTransaction
                0x080037f4       0xb0 ./Drivers/STM32G4xx_HAL_Driver/Src/stm32g4xx_hal_spi.o
 .text.SPI_EndRxTxTransaction
                0x080038a4       0x8c ./Drivers/STM32G4xx_HAL_Driver/Src/stm32g4xx_hal_spi.o
 .text.memset   0x08003930       0x10 C:/ST/STM32CubeIDE_1.13.1/STM32CubeIDE/plugins/com.st.stm32cube.ide.mcu.externaltools.gnu-tools-for-stm32.12.3.rel1.win32_1.0.100.202403111256/tools/bin/../lib/gcc/arm-none-eabi/12.3.1/../../../../arm-none-eabi/lib/thumb/v7e-m+fp/hard\libc_nano.a(libc_a-memset.o)
                0x08003930                memset
 .text.__libc_init_array
                0x08003940       0x48 C:/ST/STM32CubeIDE_1.13.1/STM32CubeIDE/plugins/com.st.stm32cube.ide.mcu.externaltools.gnu-tools-for-stm32.12.3.rel1.win32_1.0.100.202403111256/tools/bin/../lib/gcc/arm-none-eabi/12.3.1/../../../../arm-none-eabi/lib/thumb/v7e-m+fp/hard\libc_nano.a(libc_a-init.o)
                0x08003940                __libc_init_array
 *(.glue_7)
 .glue_7        0x08003988        0x0 linker stubs
 *(.glue_7t)
 .glue_7t       0x08003988        0x0 linker stubs
 *(.eh_frame)
 .eh_frame      0x08003988        0x0 C:/ST/STM32CubeIDE_1.13.1/STM32CubeIDE/plugins/com.st.stm32cube.ide.mcu.externaltools.gnu-tools-for-stm32.12.3.rel1.win32_1.0.100.202403111256/tools/bin/../lib/gcc/arm-none-eabi/12.3.1/thumb/v7e-m+fp/hard/crtbegin.o
 *(.init)
 .init          0x08003988        0x4 C:/ST/STM32CubeIDE_1.13.1/STM32CubeIDE/plugins/com.st.stm32cube.ide.mcu.externaltools.gnu-tools-for-stm32.12.3.rel1.win32_1.0.100.202403111256/tools/bin/../lib/gcc/arm-none-eabi/12.3.1/thumb/v7e-m+fp/hard/crti.o
                0x08003988                _init
 .init          0x0800398c        0x8 C:/ST/STM32CubeIDE_1.13.1/STM32CubeIDE/plugins/com.st.stm32cube.ide.mcu.externaltools.gnu-tools-for-stm32.12.3.rel1.win32_1.0.100.202403111256/tools/bin/../lib/gcc/arm-none-eabi/12.3.1/thumb/v7e-m+fp/hard/crtn.o
 *(.fini)
 .fini          0x08003994        0x4 C:/ST/STM32CubeIDE_1.13.1/STM32CubeIDE/plugins/com.st.stm32cube.ide.mcu.externaltools.gnu-tools-for-stm32.12.3.rel1.win32_1.0.100.202403111256/tools/bin/../lib/gcc/arm-none-eabi/12.3.1/thumb/v7e-m+fp/hard/crti.o
                0x08003994                _fini
 .fini          0x08003998        0x8 C:/ST/STM32CubeIDE_1.13.1/STM32CubeIDE/plugins/com.st.stm32cube.ide.mcu.externaltools.gnu-tools-for-stm32.12.3.rel1.win32_1.0.100.202403111256/tools/bin/../lib/gcc/arm-none-eabi/12.3.1/thumb/v7e-m+fp/hard/crtn.o
                0x080039a0                        . = ALIGN (0x4)
                0x080039a0                        _etext = .

.vfp11_veneer   0x080039a0        0x0
 .vfp11_veneer  0x080039a0        0x0 linker stubs

.v4_bx          0x080039a0        0x0
 .v4_bx         0x080039a0        0x0 linker stubs

.iplt           0x080039a0        0x0
 .iplt          0x080039a0        0x0 C:/ST/STM32CubeIDE_1.13.1/STM32CubeIDE/plugins/com.st.stm32cube.ide.mcu.externaltools.gnu-tools-for-stm32.12.3.rel1.win32_1.0.100.202403111256/tools/bin/../lib/gcc/arm-none-eabi/12.3.1/thumb/v7e-m+fp/hard/crtbegin.o

.rodata         0x080039a0       0x10
                0x080039a0                        . = ALIGN (0x4)
 *(.rodata)
 *(.rodata*)
 .rodata.AHBPrescTable
                0x080039a0       0x10 ./Core/Src/system_stm32g4xx.o
                0x080039a0                AHBPrescTable
                0x080039b0                        . = ALIGN (0x4)

.ARM.extab      0x080039b0        0x0
                0x080039b0                        . = ALIGN (0x4)
 *(.ARM.extab* .gnu.linkonce.armextab.*)
                0x080039b0                        . = ALIGN (0x4)

.ARM            0x080039b0        0x0
                0x080039b0                        . = ALIGN (0x4)
                0x080039b0                        __exidx_start = .
 *(.ARM.exidx*)
                0x080039b0                        __exidx_end = .
                0x080039b0                        . = ALIGN (0x4)

.preinit_array  0x080039b0        0x0
                0x080039b0                        . = ALIGN (0x4)
                0x080039b0                        PROVIDE (__preinit_array_start = .)
 *(.preinit_array*)
                0x080039b0                        PROVIDE (__preinit_array_end = .)
                0x080039b0                        . = ALIGN (0x4)

.init_array     0x080039b0        0x4
                0x080039b0                        . = ALIGN (0x4)
                0x080039b0                        PROVIDE (__init_array_start = .)
 *(SORT_BY_NAME(.init_array.*))
 *(.init_array*)
 .init_array    0x080039b0        0x4 C:/ST/STM32CubeIDE_1.13.1/STM32CubeIDE/plugins/com.st.stm32cube.ide.mcu.externaltools.gnu-tools-for-stm32.12.3.rel1.win32_1.0.100.202403111256/tools/bin/../lib/gcc/arm-none-eabi/12.3.1/thumb/v7e-m+fp/hard/crtbegin.o
                0x080039b4                        PROVIDE (__init_array_end = .)
                0x080039b4                        . = ALIGN (0x4)

.fini_array     0x080039b4        0x4
                0x080039b4                        . = ALIGN (0x4)
                [!provide]                        PROVIDE (__fini_array_start = .)
 *(SORT_BY_NAME(.fini_array.*))
 *(.fini_array*)
 .fini_array    0x080039b4        0x4 C:/ST/STM32CubeIDE_1.13.1/STM32CubeIDE/plugins/com.st.stm32cube.ide.mcu.externaltools.gnu-tools-for-stm32.12.3.rel1.win32_1.0.100.202403111256/tools/bin/../lib/gcc/arm-none-eabi/12.3.1/thumb/v7e-m+fp/hard/crtbegin.o
                [!provide]                        PROVIDE (__fini_array_end = .)
                0x080039b8                        . = ALIGN (0x4)
                0x080039b8                        _sidata = LOADADDR (.data)

.rel.dyn        0x080039b8        0x0
 .rel.iplt      0x080039b8        0x0 C:/ST/STM32CubeIDE_1.13.1/STM32CubeIDE/plugins/com.st.stm32cube.ide.mcu.externaltools.gnu-tools-for-stm32.12.3.rel1.win32_1.0.100.202403111256/tools/bin/../lib/gcc/arm-none-eabi/12.3.1/thumb/v7e-m+fp/hard/crtbegin.o

.data           0x20000000       0x64 load address 0x080039b8
                0x20000000                        . = ALIGN (0x4)
                0x20000000                        _sdata = .
 *(.data)
 *(.data*)
 .data.gSetNetInfo
                0x20000000       0x17 ./Core/Src/main.o
                0x20000000                gSetNetInfo
 *fill*         0x20000017        0x1 
 .data.buffer_size_tx_rx
                0x20000018       0x10 ./Core/Src/main.o
                0x20000018                buffer_size_tx_rx
 .data.sock_any_port
                0x20000028        0x2 ./Core/Src/socket.o
 *fill*         0x2000002a        0x2 
 .data.SystemCoreClock
                0x2000002c        0x4 ./Core/Src/system_stm32g4xx.o
                0x2000002c                SystemCoreClock
 .data.WIZCHIP  0x20000030       0x2c ./Core/Src/wizchip_conf.o
                0x20000030                WIZCHIP
 .data.uwTickPrio
                0x2000005c        0x4 ./Drivers/STM32G4xx_HAL_Driver/Src/stm32g4xx_hal.o
                0x2000005c                uwTickPrio
 .data.uwTickFreq
                0x20000060        0x4 ./Drivers/STM32G4xx_HAL_Driver/Src/stm32g4xx_hal.o
                0x20000060                uwTickFreq
 *(.RamFunc)
 *(.RamFunc*)
                0x20000064                        . = ALIGN (0x4)
                0x20000064                        _edata = .

.igot.plt       0x20000064        0x0 load address 0x08003a1c
 .igot.plt      0x20000064        0x0 C:/ST/STM32CubeIDE_1.13.1/STM32CubeIDE/plugins/com.st.stm32cube.ide.mcu.externaltools.gnu-tools-for-stm32.12.3.rel1.win32_1.0.100.202403111256/tools/bin/../lib/gcc/arm-none-eabi/12.3.1/thumb/v7e-m+fp/hard/crtbegin.o
                0x20000064                        . = ALIGN (0x4)

.bss            0x20000064       0xa8 load address 0x08003a1c
                0x20000064                        _sbss = .
                0x20000064                        __bss_start__ = _sbss
 *(.bss)
 .bss           0x20000064       0x1c C:/ST/STM32CubeIDE_1.13.1/STM32CubeIDE/plugins/com.st.stm32cube.ide.mcu.externaltools.gnu-tools-for-stm32.12.3.rel1.win32_1.0.100.202403111256/tools/bin/../lib/gcc/arm-none-eabi/12.3.1/thumb/v7e-m+fp/hard/crtbegin.o
 *(.bss*)
 .bss.hspi1     0x20000080       0x64 ./Core/Src/main.o
                0x20000080                hspi1
 .bss.sock_io_mode
                0x200000e4        0x2 ./Core/Src/socket.o
 .bss.sock_is_sending
                0x200000e6        0x2 ./Core/Src/socket.o
 .bss.sock_remained_size
                0x200000e8       0x10 ./Core/Src/socket.o
 .bss.sock_pack_info
                0x200000f8        0x8 ./Core/Src/socket.o
                0x200000f8                sock_pack_info
 .bss._DNS_     0x20000100        0x4 ./Core/Src/wizchip_conf.o
 .bss._DHCP_    0x20000104        0x1 ./Core/Src/wizchip_conf.o
 *fill*         0x20000105        0x3 
 .bss.uwTick    0x20000108        0x4 ./Drivers/STM32G4xx_HAL_Driver/Src/stm32g4xx_hal.o
                0x20000108                uwTick
 *(COMMON)
                0x2000010c                        . = ALIGN (0x4)
                0x2000010c                        _ebss = .
                0x2000010c                        __bss_end__ = _ebss

._user_heap_stack
                0x2000010c      0x604 load address 0x08003a1c
                0x20000110                        . = ALIGN (0x8)
 *fill*         0x2000010c        0x4 
                [!provide]                        PROVIDE (end = .)
                0x20000110                        PROVIDE (_end = .)
                0x20000310                        . = (. + _Min_Heap_Size)
 *fill*         0x20000110      0x200 
                0x20000710                        . = (. + _Min_Stack_Size)
 *fill*         0x20000310      0x400 
                0x20000710                        . = ALIGN (0x8)

/DISCARD/
 libc.a(*)
 libm.a(*)
 libgcc.a(*)

.ARM.attributes
                0x00000000       0x30
 *(.ARM.attributes)
 .ARM.attributes
                0x00000000       0x22 C:/ST/STM32CubeIDE_1.13.1/STM32CubeIDE/plugins/com.st.stm32cube.ide.mcu.externaltools.gnu-tools-for-stm32.12.3.rel1.win32_1.0.100.202403111256/tools/bin/../lib/gcc/arm-none-eabi/12.3.1/thumb/v7e-m+fp/hard/crti.o
 .ARM.attributes
                0x00000022       0x34 C:/ST/STM32CubeIDE_1.13.1/STM32CubeIDE/plugins/com.st.stm32cube.ide.mcu.externaltools.gnu-tools-for-stm32.12.3.rel1.win32_1.0.100.202403111256/tools/bin/../lib/gcc/arm-none-eabi/12.3.1/thumb/v7e-m+fp/hard/crtbegin.o
 .ARM.attributes
                0x00000056       0x34 ./Core/Src/W5500/w5500.o
 .ARM.attributes
                0x0000008a       0x34 ./Core/Src/main.o
 .ARM.attributes
                0x000000be       0x34 ./Core/Src/socket.o
 .ARM.attributes
                0x000000f2       0x34 ./Core/Src/stm32g4xx_hal_msp.o
 .ARM.attributes
                0x00000126       0x34 ./Core/Src/stm32g4xx_it.o
 .ARM.attributes
                0x0000015a       0x34 ./Core/Src/system_stm32g4xx.o
 .ARM.attributes
                0x0000018e       0x34 ./Core/Src/wizchip_conf.o
 .ARM.attributes
                0x000001c2       0x21 ./Core/Startup/startup_stm32g474retx.o
 .ARM.attributes
                0x000001e3       0x34 ./Drivers/STM32G4xx_HAL_Driver/Src/stm32g4xx_hal.o
 .ARM.attributes
                0x00000217       0x34 ./Drivers/STM32G4xx_HAL_Driver/Src/stm32g4xx_hal_cortex.o
 .ARM.attributes
                0x0000024b       0x34 ./Drivers/STM32G4xx_HAL_Driver/Src/stm32g4xx_hal_gpio.o
 .ARM.attributes
                0x0000027f       0x34 ./Drivers/STM32G4xx_HAL_Driver/Src/stm32g4xx_hal_pwr_ex.o
 .ARM.attributes
                0x000002b3       0x34 ./Drivers/STM32G4xx_HAL_Driver/Src/stm32g4xx_hal_rcc.o
 .ARM.attributes
                0x000002e7       0x34 ./Drivers/STM32G4xx_HAL_Driver/Src/stm32g4xx_hal_spi.o
 .ARM.attributes
                0x0000031b       0x34 C:/ST/STM32CubeIDE_1.13.1/STM32CubeIDE/plugins/com.st.stm32cube.ide.mcu.externaltools.gnu-tools-for-stm32.12.3.rel1.win32_1.0.100.202403111256/tools/bin/../lib/gcc/arm-none-eabi/12.3.1/../../../../arm-none-eabi/lib/thumb/v7e-m+fp/hard\libc_nano.a(libc_a-memset.o)
 .ARM.attributes
                0x0000034f       0x34 C:/ST/STM32CubeIDE_1.13.1/STM32CubeIDE/plugins/com.st.stm32cube.ide.mcu.externaltools.gnu-tools-for-stm32.12.3.rel1.win32_1.0.100.202403111256/tools/bin/../lib/gcc/arm-none-eabi/12.3.1/../../../../arm-none-eabi/lib/thumb/v7e-m+fp/hard\libc_nano.a(libc_a-init.o)
 .ARM.attributes
                0x00000383       0x22 C:/ST/STM32CubeIDE_1.13.1/STM32CubeIDE/plugins/com.st.stm32cube.ide.mcu.externaltools.gnu-tools-for-stm32.12.3.rel1.win32_1.0.100.202403111256/tools/bin/../lib/gcc/arm-none-eabi/12.3.1/thumb/v7e-m+fp/hard/crtn.o
OUTPUT(web_bootloader.elf elf32-littlearm)
LOAD linker stubs
LOAD C:/ST/STM32CubeIDE_1.13.1/STM32CubeIDE/plugins/com.st.stm32cube.ide.mcu.externaltools.gnu-tools-for-stm32.12.3.rel1.win32_1.0.100.202403111256/tools/bin/../lib/gcc/arm-none-eabi/12.3.1/../../../../arm-none-eabi/lib/thumb/v7e-m+fp/hard\libc.a
LOAD C:/ST/STM32CubeIDE_1.13.1/STM32CubeIDE/plugins/com.st.stm32cube.ide.mcu.externaltools.gnu-tools-for-stm32.12.3.rel1.win32_1.0.100.202403111256/tools/bin/../lib/gcc/arm-none-eabi/12.3.1/../../../../arm-none-eabi/lib/thumb/v7e-m+fp/hard\libm.a
LOAD C:/ST/STM32CubeIDE_1.13.1/STM32CubeIDE/plugins/com.st.stm32cube.ide.mcu.externaltools.gnu-tools-for-stm32.12.3.rel1.win32_1.0.100.202403111256/tools/bin/../lib/gcc/arm-none-eabi/12.3.1/thumb/v7e-m+fp/hard\libgcc.a

.debug_info     0x00000000     0x8fb2
 .debug_info    0x00000000      0x5e8 ./Core/Src/W5500/w5500.o
 .debug_info    0x000005e8     0x1206 ./Core/Src/main.o
 .debug_info    0x000017ee      0x9df ./Core/Src/socket.o
 .debug_info    0x000021cd      0xac1 ./Core/Src/stm32g4xx_hal_msp.o
 .debug_info    0x00002c8e      0x113 ./Core/Src/stm32g4xx_it.o
 .debug_info    0x00002da1      0x58e ./Core/Src/system_stm32g4xx.o
 .debug_info    0x0000332f      0xf47 ./Core/Src/wizchip_conf.o
 .debug_info    0x00004276       0x30 ./Core/Startup/startup_stm32g474retx.o
 .debug_info    0x000042a6      0xb95 ./Drivers/STM32G4xx_HAL_Driver/Src/stm32g4xx_hal.o
 .debug_info    0x00004e3b      0xdad ./Drivers/STM32G4xx_HAL_Driver/Src/stm32g4xx_hal_cortex.o
 .debug_info    0x00005be8      0x763 ./Drivers/STM32G4xx_HAL_Driver/Src/stm32g4xx_hal_gpio.o
 .debug_info    0x0000634b      0x93f ./Drivers/STM32G4xx_HAL_Driver/Src/stm32g4xx_hal_pwr_ex.o
 .debug_info    0x00006c8a      0xbe0 ./Drivers/STM32G4xx_HAL_Driver/Src/stm32g4xx_hal_rcc.o
 .debug_info    0x0000786a     0x1748 ./Drivers/STM32G4xx_HAL_Driver/Src/stm32g4xx_hal_spi.o

.debug_abbrev   0x00000000     0x1c43
 .debug_abbrev  0x00000000      0x20b ./Core/Src/W5500/w5500.o
 .debug_abbrev  0x0000020b      0x342 ./Core/Src/main.o
 .debug_abbrev  0x0000054d      0x1bc ./Core/Src/socket.o
 .debug_abbrev  0x00000709      0x1b6 ./Core/Src/stm32g4xx_hal_msp.o
 .debug_abbrev  0x000008bf       0x73 ./Core/Src/stm32g4xx_it.o
 .debug_abbrev  0x00000932      0x11a ./Core/Src/system_stm32g4xx.o
 .debug_abbrev  0x00000a4c      0x31f ./Core/Src/wizchip_conf.o
 .debug_abbrev  0x00000d6b       0x24 ./Core/Startup/startup_stm32g474retx.o
 .debug_abbrev  0x00000d8f      0x271 ./Drivers/STM32G4xx_HAL_Driver/Src/stm32g4xx_hal.o
 .debug_abbrev  0x00001000      0x31c ./Drivers/STM32G4xx_HAL_Driver/Src/stm32g4xx_hal_cortex.o
 .debug_abbrev  0x0000131c      0x1cb ./Drivers/STM32G4xx_HAL_Driver/Src/stm32g4xx_hal_gpio.o
 .debug_abbrev  0x000014e7      0x22c ./Drivers/STM32G4xx_HAL_Driver/Src/stm32g4xx_hal_pwr_ex.o
 .debug_abbrev  0x00001713      0x2c9 ./Drivers/STM32G4xx_HAL_Driver/Src/stm32g4xx_hal_rcc.o
 .debug_abbrev  0x000019dc      0x267 ./Drivers/STM32G4xx_HAL_Driver/Src/stm32g4xx_hal_spi.o

.debug_aranges  0x00000000      0xa38
 .debug_aranges
                0x00000000       0x60 ./Core/Src/W5500/w5500.o
 .debug_aranges
                0x00000060       0x80 ./Core/Src/main.o
 .debug_aranges
                0x000000e0       0xa8 ./Core/Src/socket.o
 .debug_aranges
                0x00000188       0x30 ./Core/Src/stm32g4xx_hal_msp.o
 .debug_aranges
                0x000001b8       0x60 ./Core/Src/stm32g4xx_it.o
 .debug_aranges
                0x00000218       0x28 ./Core/Src/system_stm32g4xx.o
 .debug_aranges
                0x00000240      0x168 ./Core/Src/wizchip_conf.o
 .debug_aranges
                0x000003a8       0x28 ./Core/Startup/startup_stm32g474retx.o
 .debug_aranges
                0x000003d0      0x148 ./Drivers/STM32G4xx_HAL_Driver/Src/stm32g4xx_hal.o
 .debug_aranges
                0x00000518      0x118 ./Drivers/STM32G4xx_HAL_Driver/Src/stm32g4xx_hal_cortex.o
 .debug_aranges
                0x00000630       0x58 ./Drivers/STM32G4xx_HAL_Driver/Src/stm32g4xx_hal_gpio.o
 .debug_aranges
                0x00000688      0x140 ./Drivers/STM32G4xx_HAL_Driver/Src/stm32g4xx_hal_pwr_ex.o
 .debug_aranges
                0x000007c8       0x98 ./Drivers/STM32G4xx_HAL_Driver/Src/stm32g4xx_hal_rcc.o
 .debug_aranges
                0x00000860      0x1d8 ./Drivers/STM32G4xx_HAL_Driver/Src/stm32g4xx_hal_spi.o

.debug_rnglists
                0x00000000      0x7bd
 .debug_rnglists
                0x00000000       0x4c ./Core/Src/W5500/w5500.o
 .debug_rnglists
                0x0000004c       0x5e ./Core/Src/main.o
 .debug_rnglists
                0x000000aa       0x91 ./Core/Src/socket.o
 .debug_rnglists
                0x0000013b       0x20 ./Core/Src/stm32g4xx_hal_msp.o
 .debug_rnglists
                0x0000015b       0x43 ./Core/Src/stm32g4xx_it.o
 .debug_rnglists
                0x0000019e       0x1a ./Core/Src/system_stm32g4xx.o
 .debug_rnglists
                0x000001b8      0x111 ./Core/Src/wizchip_conf.o
 .debug_rnglists
                0x000002c9       0x19 ./Core/Startup/startup_stm32g474retx.o
 .debug_rnglists
                0x000002e2       0xf1 ./Drivers/STM32G4xx_HAL_Driver/Src/stm32g4xx_hal.o
 .debug_rnglists
                0x000003d3       0xce ./Drivers/STM32G4xx_HAL_Driver/Src/stm32g4xx_hal_cortex.o
 .debug_rnglists
                0x000004a1       0x3f ./Drivers/STM32G4xx_HAL_Driver/Src/stm32g4xx_hal_gpio.o
 .debug_rnglists
                0x000004e0       0xf1 ./Drivers/STM32G4xx_HAL_Driver/Src/stm32g4xx_hal_pwr_ex.o
 .debug_rnglists
                0x000005d1       0x74 ./Drivers/STM32G4xx_HAL_Driver/Src/stm32g4xx_hal_rcc.o
 .debug_rnglists
                0x00000645      0x178 ./Drivers/STM32G4xx_HAL_Driver/Src/stm32g4xx_hal_spi.o

.debug_macro    0x00000000    0x23fea
 .debug_macro   0x00000000       0x9d ./Core/Src/W5500/w5500.o
 .debug_macro   0x0000009d      0xab4 ./Core/Src/W5500/w5500.o
 .debug_macro   0x00000b51       0x22 ./Core/Src/W5500/w5500.o
 .debug_macro   0x00000b73       0x8e ./Core/Src/W5500/w5500.o
 .debug_macro   0x00000c01       0x51 ./Core/Src/W5500/w5500.o
 .debug_macro   0x00000c52      0x103 ./Core/Src/W5500/w5500.o
 .debug_macro   0x00000d55       0x6a ./Core/Src/W5500/w5500.o
 .debug_macro   0x00000dbf      0x1df ./Core/Src/W5500/w5500.o
 .debug_macro   0x00000f9e       0x91 ./Core/Src/W5500/w5500.o
 .debug_macro   0x0000102f       0x66 ./Core/Src/W5500/w5500.o
 .debug_macro   0x00001095      0x5fc ./Core/Src/W5500/w5500.o
 .debug_macro   0x00001691      0x1ff ./Core/Src/main.o
 .debug_macro   0x00001890      0x155 ./Core/Src/main.o
 .debug_macro   0x000019e5       0x2e ./Core/Src/main.o
 .debug_macro   0x00001a13       0x28 ./Core/Src/main.o
 .debug_macro   0x00001a3b       0x1c ./Core/Src/main.o
 .debug_macro   0x00001a57       0x22 ./Core/Src/main.o
 .debug_macro   0x00001a79       0xfb ./Core/Src/main.o
 .debug_macro   0x00001b74     0x1011 ./Core/Src/main.o
 .debug_macro   0x00002b85      0x11f ./Core/Src/main.o
 .debug_macro   0x00002ca4    0x18b45 ./Core/Src/main.o
 .debug_macro   0x0001b7e9       0x6d ./Core/Src/main.o
 .debug_macro   0x0001b856     0x354d ./Core/Src/main.o
 .debug_macro   0x0001eda3      0x189 ./Core/Src/main.o
 .debug_macro   0x0001ef2c       0x5c ./Core/Src/main.o
 .debug_macro   0x0001ef88     0x171f ./Core/Src/main.o
 .debug_macro   0x000206a7      0x600 ./Core/Src/main.o
 .debug_macro   0x00020ca7      0x1b6 ./Core/Src/main.o
 .debug_macro   0x00020e5d      0x34a ./Core/Src/main.o
 .debug_macro   0x000211a7      0x53c ./Core/Src/main.o
 .debug_macro   0x000216e3      0x18b ./Core/Src/main.o
 .debug_macro   0x0002186e       0x43 ./Core/Src/main.o
 .debug_macro   0x000218b1      0x23d ./Core/Src/main.o
 .debug_macro   0x00021aee      0x211 ./Core/Src/main.o
 .debug_macro   0x00021cff      0x45c ./Core/Src/main.o
 .debug_macro   0x0002215b      0x11c ./Core/Src/main.o
 .debug_macro   0x00022277      0x122 ./Core/Src/main.o
 .debug_macro   0x00022399      0x3d1 ./Core/Src/main.o
 .debug_macro   0x0002276a      0x2fe ./Core/Src/main.o
 .debug_macro   0x00022a68      0x358 ./Core/Src/main.o
 .debug_macro   0x00022dc0       0x1c ./Core/Src/main.o
 .debug_macro   0x00022ddc       0xf6 ./Core/Src/socket.o
 .debug_macro   0x00022ed2      0x1ca ./Core/Src/stm32g4xx_hal_msp.o
 .debug_macro   0x0002309c      0x1d4 ./Core/Src/stm32g4xx_it.o
 .debug_macro   0x00023270      0x1bb ./Core/Src/system_stm32g4xx.o
 .debug_macro   0x0002342b       0x94 ./Core/Src/wizchip_conf.o
 .debug_macro   0x000234bf      0x209 ./Drivers/STM32G4xx_HAL_Driver/Src/stm32g4xx_hal.o
 .debug_macro   0x000236c8      0x1bb ./Drivers/STM32G4xx_HAL_Driver/Src/stm32g4xx_hal_cortex.o
 .debug_macro   0x00023883      0x1c2 ./Drivers/STM32G4xx_HAL_Driver/Src/stm32g4xx_hal_gpio.o
 .debug_macro   0x00023a45      0x1e5 ./Drivers/STM32G4xx_HAL_Driver/Src/stm32g4xx_hal_pwr_ex.o
 .debug_macro   0x00023c2a      0x1fd ./Drivers/STM32G4xx_HAL_Driver/Src/stm32g4xx_hal_rcc.o
 .debug_macro   0x00023e27      0x1c3 ./Drivers/STM32G4xx_HAL_Driver/Src/stm32g4xx_hal_spi.o

.debug_line     0x00000000     0xa1ed
 .debug_line    0x00000000      0x776 ./Core/Src/W5500/w5500.o
 .debug_line    0x00000776      0x944 ./Core/Src/main.o
 .debug_line    0x000010ba      0xcf0 ./Core/Src/socket.o
 .debug_line    0x00001daa      0x784 ./Core/Src/stm32g4xx_hal_msp.o
 .debug_line    0x0000252e      0x7f9 ./Core/Src/stm32g4xx_it.o
 .debug_line    0x00002d27      0x7a3 ./Core/Src/system_stm32g4xx.o
 .debug_line    0x000034ca      0xd32 ./Core/Src/wizchip_conf.o
 .debug_line    0x000041fc       0x7b ./Core/Startup/startup_stm32g474retx.o
 .debug_line    0x00004277      0xb5f ./Drivers/STM32G4xx_HAL_Driver/Src/stm32g4xx_hal.o
 .debug_line    0x00004dd6      0xcc8 ./Drivers/STM32G4xx_HAL_Driver/Src/stm32g4xx_hal_cortex.o
 .debug_line    0x00005a9e      0xb78 ./Drivers/STM32G4xx_HAL_Driver/Src/stm32g4xx_hal_gpio.o
 .debug_line    0x00006616      0xcce ./Drivers/STM32G4xx_HAL_Driver/Src/stm32g4xx_hal_pwr_ex.o
 .debug_line    0x000072e4      0xf2a ./Drivers/STM32G4xx_HAL_Driver/Src/stm32g4xx_hal_rcc.o
 .debug_line    0x0000820e     0x1fdf ./Drivers/STM32G4xx_HAL_Driver/Src/stm32g4xx_hal_spi.o

.debug_str      0x00000000    0xe5472
 .debug_str     0x00000000     0x6a01 ./Core/Src/W5500/w5500.o
                               0x6bb3 (size before relaxing)
 .debug_str     0x00006a01    0xdbde6 ./Core/Src/main.o
                              0xe298c (size before relaxing)
 .debug_str     0x000e27e7      0x58b ./Core/Src/socket.o
                               0x782f (size before relaxing)
 .debug_str     0x000e2d72       0x84 ./Core/Src/stm32g4xx_hal_msp.o
                              0xdef72 (size before relaxing)
 .debug_str     0x000e2df6       0xc9 ./Core/Src/stm32g4xx_it.o
                              0xde8dd (size before relaxing)
 .debug_str     0x000e2ebf       0xdb ./Core/Src/system_stm32g4xx.o
                              0xde9fb (size before relaxing)
 .debug_str     0x000e2f9a      0x4cb ./Core/Src/wizchip_conf.o
                               0x75c3 (size before relaxing)
 .debug_str     0x000e3465       0x44 ./Core/Startup/startup_stm32g474retx.o
                                 0x85 (size before relaxing)
 .debug_str     0x000e34a9      0xc20 ./Drivers/STM32G4xx_HAL_Driver/Src/stm32g4xx_hal.o
                              0xdf70d (size before relaxing)
 .debug_str     0x000e40c9      0x33a ./Drivers/STM32G4xx_HAL_Driver/Src/stm32g4xx_hal_cortex.o
                              0xdf391 (size before relaxing)
 .debug_str     0x000e4403      0x128 ./Drivers/STM32G4xx_HAL_Driver/Src/stm32g4xx_hal_gpio.o
                              0xdeb86 (size before relaxing)
 .debug_str     0x000e452b      0x4a5 ./Drivers/STM32G4xx_HAL_Driver/Src/stm32g4xx_hal_pwr_ex.o
                              0xdeee9 (size before relaxing)
 .debug_str     0x000e49d0      0x506 ./Drivers/STM32G4xx_HAL_Driver/Src/stm32g4xx_hal_rcc.o
                              0xdf11a (size before relaxing)
 .debug_str     0x000e4ed6      0x59c ./Drivers/STM32G4xx_HAL_Driver/Src/stm32g4xx_hal_spi.o
                              0xdf333 (size before relaxing)

.comment        0x00000000       0x43
 .comment       0x00000000       0x43 ./Core/Src/W5500/w5500.o
                                 0x44 (size before relaxing)
 .comment       0x00000043       0x44 ./Core/Src/main.o
 .comment       0x00000043       0x44 ./Core/Src/socket.o
 .comment       0x00000043       0x44 ./Core/Src/stm32g4xx_hal_msp.o
 .comment       0x00000043       0x44 ./Core/Src/stm32g4xx_it.o
 .comment       0x00000043       0x44 ./Core/Src/system_stm32g4xx.o
 .comment       0x00000043       0x44 ./Core/Src/wizchip_conf.o
 .comment       0x00000043       0x44 ./Drivers/STM32G4xx_HAL_Driver/Src/stm32g4xx_hal.o
 .comment       0x00000043       0x44 ./Drivers/STM32G4xx_HAL_Driver/Src/stm32g4xx_hal_cortex.o
 .comment       0x00000043       0x44 ./Drivers/STM32G4xx_HAL_Driver/Src/stm32g4xx_hal_gpio.o
 .comment       0x00000043       0x44 ./Drivers/STM32G4xx_HAL_Driver/Src/stm32g4xx_hal_pwr_ex.o
 .comment       0x00000043       0x44 ./Drivers/STM32G4xx_HAL_Driver/Src/stm32g4xx_hal_rcc.o
 .comment       0x00000043       0x44 ./Drivers/STM32G4xx_HAL_Driver/Src/stm32g4xx_hal_spi.o

.debug_frame    0x00000000     0x2890
 .debug_frame   0x00000000      0x16c ./Core/Src/W5500/w5500.o
 .debug_frame   0x0000016c      0x1c0 ./Core/Src/main.o
 .debug_frame   0x0000032c      0x2a8 ./Core/Src/socket.o
 .debug_frame   0x000005d4       0x7c ./Core/Src/stm32g4xx_hal_msp.o
 .debug_frame   0x00000650      0x104 ./Core/Src/stm32g4xx_it.o
 .debug_frame   0x00000754       0x58 ./Core/Src/system_stm32g4xx.o
 .debug_frame   0x000007ac      0x61c ./Core/Src/wizchip_conf.o
 .debug_frame   0x00000dc8      0x500 ./Drivers/STM32G4xx_HAL_Driver/Src/stm32g4xx_hal.o
 .debug_frame   0x000012c8      0x498 ./Drivers/STM32G4xx_HAL_Driver/Src/stm32g4xx_hal_cortex.o
 .debug_frame   0x00001760      0x14c ./Drivers/STM32G4xx_HAL_Driver/Src/stm32g4xx_hal_gpio.o
 .debug_frame   0x000018ac      0x4fc ./Drivers/STM32G4xx_HAL_Driver/Src/stm32g4xx_hal_pwr_ex.o
 .debug_frame   0x00001da8      0x23c ./Drivers/STM32G4xx_HAL_Driver/Src/stm32g4xx_hal_rcc.o
 .debug_frame   0x00001fe4      0x860 ./Drivers/STM32G4xx_HAL_Driver/Src/stm32g4xx_hal_spi.o
 .debug_frame   0x00002844       0x20 C:/ST/STM32CubeIDE_1.13.1/STM32CubeIDE/plugins/com.st.stm32cube.ide.mcu.externaltools.gnu-tools-for-stm32.12.3.rel1.win32_1.0.100.202403111256/tools/bin/../lib/gcc/arm-none-eabi/12.3.1/../../../../arm-none-eabi/lib/thumb/v7e-m+fp/hard\libc_nano.a(libc_a-memset.o)
 .debug_frame   0x00002864       0x2c C:/ST/STM32CubeIDE_1.13.1/STM32CubeIDE/plugins/com.st.stm32cube.ide.mcu.externaltools.gnu-tools-for-stm32.12.3.rel1.win32_1.0.100.202403111256/tools/bin/../lib/gcc/arm-none-eabi/12.3.1/../../../../arm-none-eabi/lib/thumb/v7e-m+fp/hard\libc_nano.a(libc_a-init.o)

.debug_line_str
                0x00000000       0x69
 .debug_line_str
                0x00000000       0x69 ./Core/Startup/startup_stm32g474retx.o
