../Core/Src/main.c:153:5:main	8	static
../Core/Src/main.c:225:6:SystemClock_Config	88	static
../Core/Src/main.c:266:13:MX_SPI1_Init	8	static
../Core/Src/main.c:306:13:MX_GPIO_Init	40	static
../Core/Src/main.c:342:7:cs_select	8	static
../Core/Src/main.c:347:7:cs_deselect	8	static
../Core/Src/main.c:352:7:cris_enter	16	static,ignoring_inline_asm
../Core/Src/main.c:357:7:cris_exit	16	static,ignoring_inline_asm
../Core/Src/main.c:362:9:spi_readbyte	16	static
../Core/Src/main.c:369:7:spi_writebyte	16	static
../Core/Src/main.c:374:7:spi_readburst	16	static
../Core/Src/main.c:379:7:spi_writeburst	16	static
../Core/Src/main.c:389:6:Error_Handler	4	static,ignoring_inline_asm
