../Core/Src/main.c:149:5:main	16	static
../Core/Src/main.c:217:6:SystemClock_Config	88	static
../Core/Src/main.c:258:13:MX_SPI1_Init	8	static
../Core/Src/main.c:298:13:MX_GPIO_Init	40	static
../Core/Src/main.c:334:7:cs_select	8	static
../Core/Src/main.c:339:7:cs_deselect	8	static
../Core/Src/main.c:344:7:cris_enter	16	static,ignoring_inline_asm
../Core/Src/main.c:349:7:cris_exit	16	static,ignoring_inline_asm
../Core/Src/main.c:354:9:spi_readbyte	16	static
../Core/Src/main.c:361:7:spi_writebyte	16	static
../Core/Src/main.c:366:7:spi_readburst	16	static
../Core/Src/main.c:371:7:spi_writeburst	16	static
../Core/Src/main.c:381:6:Error_Handler	4	static,ignoring_inline_asm
